2025-12-03 17:51:36,827 - INFO - Invalid header padding
2025-12-03 17:52:11,699 - INFO - Invalid header padding
2025-12-03 17:52:57,118 - INFO - Invalid header padding
2025-12-03 17:54:21,007 - INFO - Invalid header padding
2025-12-03 17:59:38,303 - INFO - Success
2025-12-03 18:00:38,684 - INFO - Success
2025-12-03 18:00:47,991 - INFO - Signature verification failed
2025-12-03 18:01:05,189 - INFO - Signature verification failed
2025-12-03 18:01:13,506 - INFO - Signature verification failed
2025-12-04 11:48:47,878 - INFO - Signature has expired
2025-12-04 12:22:01,640 - INFO - 3 changes detected
2025-12-04 12:22:16,146 - INFO - 3 changes detected
2025-12-04 12:22:18,285 - INFO - 5 changes detected
2025-12-04 12:22:32,954 - INFO - 1 change detected
2025-12-04 12:22:44,350 - INFO - 1 change detected
2025-12-04 12:22:50,973 - INFO - 6 changes detected
2025-12-04 12:23:29,971 - INFO - 3 changes detected
2025-12-04 12:25:51,776 - INFO - 1 change detected
2025-12-04 12:25:56,065 - INFO - 3 changes detected
2025-12-04 12:26:08,208 - INFO - 5 changes detected
2025-12-04 12:37:28,136 - INFO - 2 changes detected
2025-12-04 12:37:28,756 - INFO - 1 change detected
2025-12-04 12:38:10,521 - INFO - 4 changes detected
2025-12-04 12:43:02,954 - INFO - 3 changes detected
2025-12-04 12:43:44,291 - INFO - 3 changes detected
2025-12-04 12:43:44,921 - INFO - 6 changes detected
2025-12-04 12:43:45,283 - INFO - 1 change detected
2025-12-04 12:44:17,282 - INFO - 1 change detected
2025-12-04 12:47:27,919 - INFO - 4 changes detected
2025-12-04 12:48:31,056 - INFO - 1 change detected
2025-12-04 12:48:31,416 - INFO - 6 changes detected
2025-12-04 12:48:32,684 - INFO - 1 change detected
2025-12-04 12:48:34,304 - INFO - 1 change detected
2025-12-04 12:48:43,250 - INFO - 1 change detected
2025-12-04 12:48:45,572 - INFO - 1 change detected
2025-12-04 12:48:47,042 - INFO - 1 change detected
2025-12-04 12:48:52,747 - INFO - 1 change detected
2025-12-04 12:48:53,107 - INFO - 1 change detected
2025-12-04 12:48:55,983 - INFO - 1 change detected
2025-12-04 12:48:58,100 - INFO - 1 change detected
2025-12-04 12:49:00,522 - INFO - 1 change detected
2025-12-04 12:49:17,702 - INFO - 1 change detected
2025-12-04 12:49:22,808 - INFO - 1 change detected
2025-12-04 12:49:32,655 - INFO - 1 change detected
2025-12-04 12:53:44,702 - INFO - 5 changes detected
2025-12-04 12:56:04,486 - INFO - 3 changes detected
2025-12-04 12:56:26,420 - INFO - Incorrect username or password
2025-12-04 12:56:39,356 - INFO - Incorrect username or password
2025-12-04 12:56:59,759 - INFO - 4 changes detected
2025-12-04 12:57:00,444 - INFO - 6 changes detected
2025-12-04 12:57:00,807 - INFO - 1 change detected
2025-12-04 12:57:15,932 - INFO - Incorrect username or password
2025-12-04 12:57:44,471 - INFO - 3 changes detected
2025-12-04 12:57:50,960 - INFO - 1 change detected
2025-12-04 12:57:51,311 - INFO - 6 changes detected
2025-12-04 12:57:52,183 - INFO - 1 change detected
2025-12-04 12:58:18,247 - INFO - 5 changes detected
2025-12-04 12:58:35,667 - INFO - Incorrect username or password
2025-12-04 12:58:41,435 - INFO - 3 changes detected
2025-12-04 12:58:47,427 - INFO - 1 change detected
2025-12-04 12:58:47,779 - INFO - 6 changes detected
2025-12-04 12:58:48,196 - INFO - 1 change detected
2025-12-04 12:58:54,789 - INFO - 1 change detected
2025-12-04 12:59:02,893 - INFO - 5 changes detected
2025-12-04 12:59:16,438 - INFO - Incorrect username or password
2025-12-04 12:59:30,893 - INFO - Incorrect username or password
2025-12-04 12:59:46,088 - INFO - 5 changes detected
2025-12-04 13:00:38,455 - INFO - Incorrect username or password
2025-12-04 13:02:51,787 - INFO - 5 changes detected
2025-12-04 13:05:23,437 - INFO - Incorrect username or password
2025-12-04 13:06:42,621 - INFO - 3 changes detected
2025-12-04 13:07:02,515 - INFO - 1 change detected
2025-12-04 13:07:02,866 - INFO - 6 changes detected
2025-12-04 13:07:07,272 - INFO - 1 change detected
2025-12-04 13:07:08,186 - INFO - 1 change detected
2025-12-04 13:07:19,371 - INFO - 1 change detected
2025-12-04 13:08:45,036 - INFO - 5 changes detected
2025-12-04 13:09:19,225 - INFO - 1 change detected
2025-12-04 13:09:32,142 - INFO - 5 changes detected
2025-12-04 13:10:26,377 - INFO - 1 change detected
2025-12-04 13:11:15,802 - INFO - 5 changes detected
2025-12-04 13:11:42,593 - INFO - 5 changes detected
2025-12-04 13:12:10,135 - INFO - 3 changes detected
2025-12-04 13:12:12,184 - INFO - 6 changes detected
2025-12-04 13:13:15,335 - INFO - 1 change detected
2025-12-04 13:13:44,825 - INFO - 1 change detected
2025-12-04 13:13:59,877 - INFO - 1 change detected
2025-12-04 13:14:14,897 - INFO - 1 change detected
2025-12-04 13:14:26,604 - INFO - 1 change detected
2025-12-04 13:14:55,819 - INFO - 1 change detected
2025-12-04 13:15:10,878 - INFO - 1 change detected
2025-12-04 13:15:25,882 - INFO - 1 change detected
2025-12-04 13:15:34,837 - INFO - 1 change detected
2025-12-04 13:18:28,003 - INFO - 5 changes detected
2025-12-04 13:19:53,178 - INFO - 5 changes detected
2025-12-04 13:24:09,320 - INFO - Incorrect username or password
2025-12-04 13:27:27,503 - INFO - 3 changes detected
2025-12-04 13:28:10,128 - INFO - 2 changes detected
2025-12-04 13:28:10,761 - INFO - 6 changes detected
2025-12-04 13:28:11,125 - INFO - 1 change detected
2025-12-04 13:33:21,522 - INFO - Success
2025-12-04 13:34:05,461 - INFO - Success
2025-12-04 13:39:40,760 - INFO - 5 changes detected
2025-12-04 13:40:56,054 - INFO - 1 change detected
2025-12-04 13:41:19,849 - INFO - 1 change detected
2025-12-04 13:41:23,862 - INFO - 1 change detected
2025-12-04 13:42:15,263 - INFO - 5 changes detected
2025-12-04 13:42:18,190 - INFO - 1 change detected
2025-12-04 13:42:47,206 - ERROR - undefined
2025-12-04 13:42:54,013 - INFO - 1 change detected
2025-12-04 13:43:14,567 - INFO - Incorrect username or password
2025-12-04 13:43:30,180 - ERROR - undefined
2025-12-04 13:44:41,385 - INFO - 3 changes detected
2025-12-04 13:44:45,234 - ERROR - undefined
2025-12-04 13:44:52,264 - INFO - 1 change detected
2025-12-04 13:44:52,630 - INFO - 6 changes detected
2025-12-04 13:44:57,894 - INFO - undefined
2025-12-04 13:44:58,288 - INFO - 1 change detected
2025-12-04 13:45:18,981 - INFO - 1 change detected
2025-12-04 13:45:19,937 - INFO - undefined
2025-12-04 13:45:23,333 - INFO - 1 change detected
2025-12-04 13:45:43,166 - INFO - 1 change detected
2025-12-04 13:45:46,410 - INFO - 1 change detected
2025-12-04 13:50:40,908 - INFO - 5 changes detected
2025-12-04 13:51:33,084 - INFO - 5 changes detected
2025-12-04 13:53:40,042 - INFO - 3 changes detected
2025-12-04 13:54:02,932 - INFO - 6 changes detected
2025-12-04 13:54:09,707 - INFO - 5 changes detected
2025-12-04 13:54:27,052 - INFO - undefined
2025-12-04 13:55:57,243 - INFO - 3 changes detected
2025-12-04 13:59:12,641 - INFO - 1 change detected
2025-12-04 13:59:13,003 - INFO - 6 changes detected
2025-12-04 13:59:27,878 - INFO - 1 change detected
2025-12-04 14:22:38,132 - INFO - 5 changes detected
2025-12-04 14:24:03,816 - INFO - 5 changes detected
2025-12-04 14:24:22,936 - INFO - 3 changes detected
2025-12-04 14:24:34,034 - INFO - 6 changes detected
2025-12-04 14:24:42,072 - INFO - 1 change detected
2025-12-04 14:24:56,751 - INFO - 1 change detected
2025-12-04 14:27:25,260 - INFO - 5 changes detected
2025-12-04 14:29:15,076 - INFO - 5 changes detected
2025-12-04 14:30:31,034 - INFO - 5 changes detected
2025-12-04 14:32:14,537 - INFO - 5 changes detected
2025-12-04 14:32:47,833 - INFO - 1 change detected
2025-12-04 14:33:57,044 - INFO - 6 changes detected
2025-12-04 14:34:00,459 - INFO - 5 changes detected
2025-12-04 14:34:05,379 - INFO - 5 changes detected
2025-12-04 14:40:12,675 - INFO - 4 changes detected
2025-12-04 14:46:37,284 - INFO - 5 changes detected
2025-12-04 14:47:12,714 - INFO - 5 changes detected
2025-12-04 14:47:42,757 - INFO - 5 changes detected
